Script started on 2022-06-18 10:03:51+02:00 [TERM="xterm-256color" TTY="/dev/pts/7" COLUMNS="111" LINES="15"]
]0;:/opt/dev/shell/lib/stack
[32mufopilot@ubuntu [35m [33m/opt/dev/shell/lib/stack[0m
$ ps -ef |grep script
ufopilot  2765  2764  0 Jun16 pts/1    00:00:00 sh -c "$VSCODE_WSL_EXT_LOCATION/[01;31m[Kscript[m[Ks/wslServer.sh" 4af164ea3a06f701fe3e89a2bcbb421d2026b68f stable code-server .vscode-server --host=127.0.0.1 --port=0 --connection-token=3845605560-1320992987-447397334-3638527641 --use-host-proxy --without-browser-env-var --disable-websocket-compression --accept-server-license-terms --telemetry-level=all
ufopilot  2766  2765  0 Jun16 pts/1    00:00:00 sh /mnt/c/Users/aldor/.vscode/extensions/ms-vscode-remote.remote-wsl-0.66.3/[01;31m[Kscript[m[Ks/wslServer.sh 4af164ea3a06f701fe3e89a2bcbb421d2026b68f stable code-server .vscode-server --host=127.0.0.1 --port=0 --connection-token=3845605560-1320992987-447397334-3638527641 --use-host-proxy --without-browser-env-var --disable-websocket-compression --accept-server-license-terms --telemetry-level=all
ufopilot  8812  3454  0 10:03 pts/7    00:00:00 [01;31m[Kscript[m[K
ufopilot  8868  8813  0 10:04 pts/8    00:00:00 grep --color=auto [01;31m[Kscript[m[K
]0;:/opt/dev/shell/lib/stack
[32mufopilot@ubuntu [35m [33m/opt/dev/shell/lib/stack[0m
$ ls -lrt
total 88
-rw-r--r-- 1 ufopilot ufopilot  771 Jun 16 09:47 checkStatus.sh
-rw-r--r-- 1 ufopilot ufopilot   26 Jun 16 09:59 compare.sh
-rw-r--r-- 1 ufopilot ufopilot   12 Jun 16 09:59 comp2.txt
-rw-r--r-- 1 ufopilot ufopilot    8 Jun 16 10:26 comp1.txt
-rw-r--r-- 1 ufopilot ufopilot  463 Jun 16 10:26 findInArray.sh
-rwxr-xr-x 1 ufopilot ufopilot   68 Jun 16 11:08 [0m[01;32ms.sh[0m
drwxr-xr-x 5 ufopilot ufopilot 4096 Jun 16 11:14 [01;34musers[0m
-rw-r--r-- 1 ufopilot ufopilot  149 Jun 16 11:40 moveMusic.sh
drwxr-xr-x 3 ufopilot ufopilot 4096 Jun 16 12:27 [01;34mlanguages[0m
-rw-r--r-- 1 ufopilot ufopilot  476 Jun 16 14:32 deleteFromFolders.sh
-rw-r--r-- 1 ufopilot ufopilot  513 Jun 16 14:35 222.txt
-rw-r--r-- 1 ufopilot ufopilot  105 Jun 16 15:01 dates.txt
-rw-r--r-- 1 ufopilot ufopilot   81 Jun 16 18:54 FILE1
-rw-r--r-- 1 ufopilot ufopilot   97 Jun 16 18:54 FILE2
-rw-r--r-- 1 ufopilot ufopilot  299 Jun 16 19:02 getIps.sh
-rw-r--r-- 1 ufopilot ufopilot  267 Jun 17 00:30 users.txt
-rw-r--r-- 1 ufopilot ufopilot    0 Jun 17 00:30 users.sh
-rw-r--r-- 1 ufopilot ufopilot  267 Jun 17 10:33 INPUT_FILE
-rw-r--r-- 1 ufopilot ufopilot   40 Jun 17 11:57 count.txt
-rw-r--r-- 1 ufopilot ufopilot    0 Jun 17 15:58 log.out
-rwxr-xr-x 1 ufopilot ufopilot  541 Jun 17 18:14 [01;32mrep5.sh[0m
drwxr-xr-x 2 ufopilot ufopilot 4096 Jun 18 02:20 [01;34mphp[0m
-rw-r--r-- 1 ufopilot ufopilot  163 Jun 18 03:06 names.txt
-rw-r--r-- 1 ufopilot ufopilot  304 Jun 18 03:19 names.sh
-rw-r--r-- 1 ufopilot ufopilot    0 Jun 18 10:03 typescript
]0;:/opt/dev/shell/lib/stack
[32mufopilot@ubuntu [35m [33m/opt/dev/shell/lib/stack[0m
$ cat typescript 
]0;:/opt/dev/shell/lib/stack
[32mufopilot@ubuntu [35m [33m/opt/dev/shell/lib/stack[0m
$ sc[K[Kman script
[?1049h[22;0;0t[?1h=SCRIPT(1)                                       User Commands                                      SCRIPT(1)[m
[m
[1mNAME[0m[m
       script - make typescript of terminal session[m
[m
[1mSYNOPSIS[0m[m
       [1mscript[0m [options] [[4mfile[24m][m
[m
[1mDESCRIPTION[0m[m
       [1mscript[0m  makes  a  typescript of everything displayed on your terminal.  It is useful for students who[m
       need a hardcopy record of an interactive session as proof of an assignment, as  the  typescript  file[m
       can be printed out later with [1mlpr[0m(1).[m
[m
       If  the argument [4mfile[24m is given, [1mscript[0m saves the dialogue in this [4mfile[24m.  If no filename is given, the[m
[7m Manual page script(1) line 1 (press h for help or q to quit)[27m[K[K [KESCESC[KOO[KBB[K       dialogue is saved in the file [1mtypescript[0m.[m
[7m Manual page script(1) line 2 (press h for help or q to quit)[27m[K[K [KESCESC[KOO[KBB[K[m
[7m Manual page script(1) line 3 (press h for help or q to quit)[27m[K[K [KESCESC[KOO[KBB[K[1mOPTIONS[0m[m
[7m Manual page script(1) line 4 (press h for help or q to quit)[27m[K[K [KESCESC[KOO[KBB[K       Below,  the  [4msize[24m  argument  may  be  followed  by  the  multiplicative  suffixes  KiB  (=1024),  MiB[m
[7m Manual page script(1) line 5 (press h for help or q to quit)[27m[K[K [KESCESC[KOO[KBB[K       (=1024*1024),  and  so on for GiB, TiB, PiB, EiB, ZiB and YiB (the "iB" is optional, e.g. "K" has the[m
[7m Manual page script(1) line 6 (press h for help or q to quit)[27m[K[K [KESCESC[KOO[KBB[K       same meaning as "KiB"), or the suffixes KB (=1000), MB (=1000*1000), and so on for GB, TB, PB, EB, ZB[m
[7m Manual page script(1) line 7 (press h for help or q to quit)[27m[K[K [KESCESC[KOO[KBB[K       and YB.[m
[7m Manual page script(1) line 8 (press h for help or q to quit)[27m[K[K [KESCESC[KOO[KBB[K[m
[7m Manual page script(1) line 9 (press h for help or q to quit)[27m[K[K [KESCESC[KOO[KBB[K       [1m-a[0m, [1m--append[0m[m
[7m Manual page script(1) line 10 (press h for help or q to quit)[27m[K[K [KESCESC[KOO[KBB[K              Append the output to [4mfile[24m or to [1mtypescript[0m, retaining the prior contents.[m
[7m Manual page script(1) line 11 (press h for help or q to quit)[27m[K[K [KESCESC[KOO[KBB[K[m
[7m Manual page script(1) line 12 (press h for help or q to quit)[27m[K[K [KESCESC[KOO[KBB[K       [1m-c[0m, [1m--command[0m [4mcommand[24m[m
[7m Manual page script(1) line 13 (press h for help or q to quit)[27m[K[K [KESCESC[KOO[KBB[K              Run  the [4mcommand[24m rather than an interactive shell.  This makes it easy for a script to capture[m
[7m Manual page script(1) line 14 (press h for help or q to quit)[27m[K[K [KESCESC[KOO[KBB[K              the output of a program that behaves differently when its stdout is not a tty.[m
[7m Manual page script(1) line 15 (press h for help or q to quit)[27m[K[K [KESCESC[KOO[KBB[K[m
[7m Manual page script(1) line 16 (press h for help or q to quit)[27m[K[K [KESCESC[KOO[KBB[K       [1m-e[0m, [1m--return[0m[m
[7m Manual page script(1) line 17 (press h for help or q to quit)[27m[K[K [KESCESC[KOO[KBB[K              Return the exit code of the child process.  Uses the same format as bash termination on signal[m
[7m Manual page script(1) line 18 (press h for help or q to quit)[27m[K[K [KESCESC[KOO[KBB[K              termination  exit  code is 128+n.  The exit code of the child process is always stored in type[m
[7m Manual page script(1) line 19 (press h for help or q to quit)[27m[K[K [KESCESC[KOO[KBB[K              script file too.[m
[7m Manual page script(1) line 20 (press h for help or q to quit)[27m[K[K [KESCESC[KOO[KBB[K[m
[7m Manual page script(1) line 21 (press h for help or q to quit)[27m[K[K [KESCESC[KOO[KBB[K       [1m-f[0m, [1m--flush[0m[m
[7m Manual page script(1) line 22 (press h for help or q to quit)[27m[K[K [KESCESC[KOO[KBB[K              Flush output after each write.  This is nice for telecooperation: one person does `mkfifo foo;[m
[7m Manual page script(1) line 23 (press h for help or q to quit)[27m[K[K [KESCESC[KOO[KBB[K              script -f foo', and another can supervise real-time what is being done using `cat foo'.[m
[7m Manual page script(1) line 24 (press h for help or q to quit)[27m[K[K [KESCESC[KOO[KBB[K[m
[7m Manual page script(1) line 25 (press h for help or q to quit)[27m[K[K [KESCESC[KOO[KBB[K       [1m--force[0m[m
[7m Manual page script(1) line 26 (press h for help or q to quit)[27m[K[K [KESCESC[KOO[KBB[K              Allow the default output destination, i.e. the typescript file, to be a hard or symbolic link.[m
[7m Manual page script(1) line 27 (press h for help or q to quit)[27m[K[K [KESCESC[KOO[KBB[K              The command will follow a symbolic link.[m
[7m Manual page script(1) line 28 (press h for help or q to quit)[27m[K[K [KESCESC[KOO[KBB[K[m
[7m Manual page script(1) line 29 (press h for help or q to quit)[27m[K[K [KESCESC[KOO[KBB[K       [1m-o[0m, [1m--output-limit[0m [4msize[24m[m
[7m Manual page script(1) line 30 (press h for help or q to quit)[27m[K[K [KESCESC[KOO[KBB[K              Limit the size of the typescript and timing files to [4msize[24m and stop  the  child  process  after[m
[7m Manual page script(1) line 31 (press h for help or q to quit)[27m[K[K [KESCESC[KOO[KBB[K              this  size is exceeded.  The calculated file size does not include the start and done messages[m
[7m Manual page script(1) line 32 (press h for help or q to quit)[27m[K[K [KESCESC[KOO[KBB[K              that the [1mscript[0m command prepends and appends to the child process output.  Due  to  buffering,[m
[7m Manual page script(1) line 33 (press h for help or q to quit)[27m[K[K [KESCESC[KOO[KBB[K              the resulting output file might be larger than the specified value.[m
[7m Manual page script(1) line 34 (press h for help or q to quit)[27m[K[K [KESCESC[KOO[KBB[K[m
[7m Manual page script(1) line 35 (press h for help or q to quit)[27m[K[K [KESCESC[KOO[KBB[K       [1m-q[0m, [1m--quiet[0m[m
[7m Manual page script(1) line 36 (press h for help or q to quit)[27m[K[K [KESCESC[KOO[KBB[K              Be quiet (do not write start and done messages to standard output).[m
[7m Manual page script(1) line 37 (press h for help or q to quit)[27m[K[K [KESCESC[KOO[KBB[K[m
[7m Manual page script(1) line 38 (press h for help or q to quit)[27m[K[K [KESCESC[KOO[KBB[K       [1m-t[0m[[4mfile[24m], [1m--timing[0m[=[4mfile[24m][m
[7m Manual page script(1) line 39 (press h for help or q to quit)[27m[K[K [KESCESC[KOO[KBB[K              Output  timing  data to standard error, or to [4mfile[24m when given.  This data contains two fields,[m
[7m Manual page script(1) line 40 (press h for help or q to quit)[27m[K[K [KESCESC[KOO[KBB[K              separated by a space.  The first field indicates how much time elapsed since the previous out‐[m
[7m Manual page script(1) line 41 (press h for help or q to quit)[27m[K[K [KESCESC[KOO[KBB[K              put.   The second field indicates how many characters were output this time.  This information[m
[7m Manual page script(1) line 42 (press h for help or q to quit)[27m[K[K [KESCESC[KOO[KBB[K              can be used to replay typescripts with realistic typing and output delays.[m
[7m Manual page script(1) line 43 (press h for help or q to quit)[27m[K[K [KESCESC[KOO[KBB[K[m
[7m Manual page script(1) line 44 (press h for help or q to quit)[27m[K[K [KESCESC[KOO[KBB[K       [1m-V[0m, [1m--version[0m[m
[7m Manual page script(1) line 45 (press h for help or q to quit)[27m[K[K [KESCESC[KOO[KBB[K              Display version information and exit.[m
[7m Manual page script(1) line 46 (press h for help or q to quit)[27m[K[K [KESCESC[KOO[KBB[K[m
[7m Manual page script(1) line 47 (press h for help or q to quit)[27m[K[K [KESCESC[KOO[KBB[K       [1m-h[0m, [1m--help[0m[m
[7m Manual page script(1) line 48 (press h for help or q to quit)[27m[K[K [KESCESC[KOO[KBB[K              Display help text and exit.[m
[7m Manual page script(1) line 49 (press h for help or q to quit)[27m[K[K [KESCESC[KOO[KBB[K[m
[7m Manual page script(1) line 50 (press h for help or q to quit)[27m[K[K [KESCESC[KOO[KBB[K[1mNOTES[0m[m
[7m Manual page script(1) line 51 (press h for help or q to quit)[27m[K[K [KESCESC[KOO[KBB[K       The script ends when the forked shell exits (a [4mcontrol-D[24m for the Bourne shell ([1msh[0m(1)), and [4mexit[24m,  [4mlo‐[24m[m
[7m Manual page script(1) line 52 (press h for help or q to quit)[27m[K[K [KESCESC[KOO[KBB[K       [4mgout[24m or [4mcontrol-d[24m (if [4mignoreeof[24m is not set) for the C-shell, [1mcsh[0m(1)).[m
[7m Manual page script(1) line 53 (press h for help or q to quit)[27m[K[K [KESCESC[KOO[KAA[K[HM       [1m-t[0m[[4mfile[24m], [1m--timing[0m[=[4mfile[24m][m
[15;1H[K[7m Manual page script(1) line 52 (press h for help or q to quit)[27m[K[K [KESCESC[KOO[KAA[K[HM[m
[15;1H[K[7m Manual page script(1) line 51 (press h for help or q to quit)[27m[K[K [KESCESC[KOO[KAA[K[HM              Be quiet (do not write start and done messages to standard output).[m
[15;1H[K[7m Manual page script(1) line 50 (press h for help or q to quit)[27m[K[K [KESCESC[KOO[KAA[K[HM       [1m-q[0m, [1m--quiet[0m[m
[15;1H[K[7m Manual page script(1) line 49 (press h for help or q to quit)[27m[K[K[7m Manual page script(1) line 49 (press h for help or q to quit)[27m[K[K [K::[Kqq[K[?1l>[?1049l[23;0;0t]0;:/opt/dev/shell/lib/stack
[32mufopilot@ubuntu [35m [33m/opt/dev/shell/lib/stack[0m
$ 
]0;:/opt/dev/shell/lib/stack
[32mufopilot@ubuntu [35m [33m/opt/dev/shell/lib/stack[0m
$ man script[C[Ccat typescript [C[C[5Pman script[C[C[Kexit

Script done on 2022-06-18 10:05:24+02:00 [COMMAND_EXIT_CODE="0"]
